[0m15:26:13.803352 [debug] [MainThread]: Sending event: {'category': 'dbt', 'action': 'invocation', 'label': 'start', 'context': [<snowplow_tracker.self_describing_json.SelfDescribingJson object at 0x105a727b0>, <snowplow_tracker.self_describing_json.SelfDescribingJson object at 0x1100974d0>, <snowplow_tracker.self_describing_json.SelfDescribingJson object at 0x110097750>]}


============================== 15:26:13.807791 | 2f19ab82-dea0-4b51-9419-60d14dc42821 ==============================
[0m15:26:13.807791 [info ] [MainThread]: Running with dbt=1.12.5
[0m15:26:13.808309 [debug] [MainThread]: running dbt with arguments {'invocation_command': 'dbt run -s profitybility', 'maximum_seed_size_mib': '1', 'warn_error_options': 'WarnErrorOptionsV2(error=[], warn=[], silence=[])', 'empty': 'False', 'write_json': 'True', 'version_check': 'True', 'quiet': 'False', 'use_colors': 'True', 'debug': 'False', 'partial_parse': 'True', 'log_path': 'logs', 'target_path': 'None', 'log_cache_events': 'False', 'static_parser': 'True', 'use_experimental_parser': 'False', 'introspect': 'True', 'profiles_dir': '/Users/fernandacladeramelgar/.dbt', 'hints_enabled': 'True', 'log_format': 'default', 'indirect_selection': 'eager', 'printer_width': '80', 'cache_selected_only': 'False', 'fail_fast': 'False', 'send_anonymous_usage_stats': 'True', 'no_print': 'None', 'warn_error': 'None'}
[0m15:26:13.808915 [error] [MainThread]: [[31mERROR[0m]: Encountered an error:
Runtime Error
  No dbt_project.yml found at expected path /Users/fernandacladeramelgar/Documents/2_Projects/data-platform/data-platform/dbt_project.yml
  Verify that each entry within packages.yml (and their transitive dependencies) contains a file named dbt_project.yml
  
[0m15:26:13.811257 [debug] [MainThread]: Resource report: {"command_name": "run", "command_success": false, "command_wall_clock_time": 0.08973613, "process_in_blocks": "0", "process_kernel_time": 0.256116, "process_mem_max_rss": "110624768", "process_out_blocks": "0", "process_user_time": 1.34148}
[0m15:26:13.811699 [debug] [MainThread]: Command `dbt run` failed at 15:26:13.811615 after 0.09 seconds
[0m15:26:13.811978 [debug] [MainThread]: Sending event: {'category': 'dbt', 'action': 'invocation', 'label': 'end', 'context': [<snowplow_tracker.self_describing_json.SelfDescribingJson object at 0x1100f0d60>, <snowplow_tracker.self_describing_json.SelfDescribingJson object at 0x11004b770>, <snowplow_tracker.self_describing_json.SelfDescribingJson object at 0x11014c380>]}
[0m15:26:13.812247 [debug] [MainThread]: Flushing usage events
[0m15:26:14.340413 [debug] [MainThread]: An error was encountered while trying to flush usage events
[0m15:27:03.008932 [debug] [MainThread]: Sending event: {'category': 'dbt', 'action': 'invocation', 'label': 'start', 'context': [<snowplow_tracker.self_describing_json.SelfDescribingJson object at 0x103c767b0>, <snowplow_tracker.self_describing_json.SelfDescribingJson object at 0x1050db4d0>, <snowplow_tracker.self_describing_json.SelfDescribingJson object at 0x1050db750>]}


============================== 15:27:03.013680 | 92fef5ca-dca8-4159-b1fa-db84c16ddfc3 ==============================
[0m15:27:03.013680 [info ] [MainThread]: Running with dbt=1.12.5
[0m15:27:03.014182 [debug] [MainThread]: running dbt with arguments {'warn_error_options': 'WarnErrorOptionsV2(error=[], warn=[], silence=[])', 'use_experimental_parser': 'False', 'quiet': 'False', 'introspect': 'True', 'send_anonymous_usage_stats': 'True', 'target_path': 'None', 'version_check': 'True', 'cache_selected_only': 'False', 'write_json': 'True', 'log_path': 'logs', 'log_cache_events': 'False', 'hints_enabled': 'True', 'warn_error': 'None', 'printer_width': '80', 'use_colors': 'True', 'invocation_command': 'dbt run -s fct_sales', 'static_parser': 'True', 'empty': 'False', 'log_format': 'default', 'debug': 'False', 'no_print': 'None', 'maximum_seed_size_mib': '1', 'indirect_selection': 'eager', 'fail_fast': 'False', 'profiles_dir': '/Users/fernandacladeramelgar/.dbt', 'partial_parse': 'True'}
[0m15:27:03.014757 [error] [MainThread]: [[31mERROR[0m]: Encountered an error:
Runtime Error
  No dbt_project.yml found at expected path /Users/fernandacladeramelgar/Documents/2_Projects/data-platform/data-platform/dbt_project.yml
  Verify that each entry within packages.yml (and their transitive dependencies) contains a file named dbt_project.yml
  
[0m15:27:03.017074 [debug] [MainThread]: Resource report: {"command_name": "run", "command_success": false, "command_wall_clock_time": 0.091043875, "process_in_blocks": "0", "process_kernel_time": 0.258392, "process_mem_max_rss": "111738880", "process_out_blocks": "0", "process_user_time": 1.286296}
[0m15:27:03.017488 [debug] [MainThread]: Command `dbt run` failed at 15:27:03.017412 after 0.09 seconds
[0m15:27:03.017758 [debug] [MainThread]: Sending event: {'category': 'dbt', 'action': 'invocation', 'label': 'end', 'context': [<snowplow_tracker.self_describing_json.SelfDescribingJson object at 0x105134d60>, <snowplow_tracker.self_describing_json.SelfDescribingJson object at 0x10508f770>, <snowplow_tracker.self_describing_json.SelfDescribingJson object at 0x10519c380>]}
[0m15:27:03.018020 [debug] [MainThread]: Flushing usage events
[0m15:27:03.431128 [debug] [MainThread]: An error was encountered while trying to flush usage events
